<html>
<body>
<pre>
<h1>�Vision Build Log</h1>
<h2>Project:</h2>
G:\ARMѧϰ\STM32 Project\2.exti\mkd\project.uvproj
Project File Date:  05/03/2016

<h2>Output:</h2>
Rebuild target 'gpio'
assembling startup_stm32f10x_hd.s...
compiling exti.c...
compiling led.c...
compiling main.c...
compiling stm32f10x_it.c...
compiling system_stm32f10x.c...
compiling stm32f10x_gpio.c...
compiling stm32f10x_rcc.c...
compiling stm32f10x_exti.c...
compiling misc.c...
linking...
Program Size: Code=3472 RO-data=336 RW-data=60 ZI-data=1636  
".\project.axf" - 0 Errors, 0 Warning(s).
